
> healthcare-general@1.0.0 build
> vite build

[36mvite v5.4.21 [32mbuilding for production...[36m[39m
transforming...
[32mΓ£ô[39m 892 modules transformed.
node.exe : [31mx[39m 
Build failed in 8.80s
At line:1 char:1
+ & "C:\Program 
Files\nodejs/node.exe" 
"C:\Program 
Files\nodejs/node_mo 
...
+ ~~~~~~~~~~~~~~~~~~~~~
~~~~~~~~~~~~~~~~~~~~~~~
~~~~~~~~~~~~~~~~~~~~~~~
~~
    + CategoryInfo     
         : NotSpecifi  
  ed: ([31mx[39m B   
 uild failed in 8.8    
0s:String) [], Rem    
oteException
    + FullyQualifiedEr 
   rorId : NativeComm  
  andError
 
[31merror during 
build:
[31mpages/CardiologyPa
ge.jsx (2:19): 
"DOCTORS" is not 
exported by 
"data/index.js", 
imported by "pages/Card
iologyPage.jsx".[31m
file: [36mD:/healthcar
e-app/frontend/pages/Ca
rdiologyPage.jsx:2:19[
31m
[33m
1: import { Icon, 
Breadcrumb, DoctorCard 
} from 
'../components/UI'
2: import { SERVICES, 
DOCTORS } from 
'../data'
                      ^
3: 
4: export default 
function 
CardiologyPage({ 
onNavigate }) {
[31m
    at getRollupError (
file:///D:/healthcare-a
pp/frontend/node_module
s/rollup/dist/es/shared
/parseAst.js:402:41)
    at error (file:///D
:/healthcare-app/fronte
nd/node_modules/rollup/
dist/es/shared/parseAst
.js:398:42)
    at Module.error (fi
le:///D:/healthcare-app
/frontend/node_modules/
rollup/dist/es/shared/n
ode-entry.js:17040:16)
    at 
Module.traceVariable (f
ile:///D:/healthcare-ap
p/frontend/node_modules
/rollup/dist/es/shared/
node-entry.js:17452:29)
    at ModuleScope.find
Variable (file:///D:/he
althcare-app/frontend/n
ode_modules/rollup/dist
/es/shared/node-entry.j
s:15070:39)
    at FunctionScope.fi
ndVariable (file:///D:/
healthcare-app/frontend
/node_modules/rollup/di
st/es/shared/node-entry
.js:5673:38)
    at FunctionBodyScop
e.findVariable (file://
/D:/healthcare-app/fron
tend/node_modules/rollu
p/dist/es/shared/node-e
ntry.js:5673:38)
    at 
MemberExpression.bind (
file:///D:/healthcare-a
pp/frontend/node_module
s/rollup/dist/es/shared
/node-entry.js:7392:49)
    at 
CallExpression.bind (fi
le:///D:/healthcare-app
/frontend/node_modules/
rollup/dist/es/shared/n
ode-entry.js:2829:23)
    at 
CallExpression.bind (fi
le:///D:/healthcare-app
/frontend/node_modules/
rollup/dist/es/shared/n
ode-entry.js:12179:15)
[39m
